%!Adobe-FontList 1.22
%Locale:0x412

%BeginFont
Handler:DirectoryHandler
FontType:TrueType
FontName:GmarketSansTTFBold
FamilyName:Gmarket Sans TTF
StyleName:Bold
FullName:Gmarket Sans TTF Bold
MenuName:G마켓 산스 TTF Bold
StyleBits:0
FamilyNameNative:G마켓 산스 TTF
StyleNameNative:Bold
FullNameNative:G마켓 산스 TTF Bold
WritingScript:Korean
OutlineFileName:C:\Users\603\Desktop\포트폴리오\kodak\Font\GmarketSansTTFBold.ttf
DataFormat:sfntData
hasSVG:no
VariableFontType:NonVariableFont
FileLength:2511976
FileModTime:1623729322
WeightClass:700
WidthClass:5
AngleClass:0
NameArray:0,Mac,4,Gmarket Sans TTF Bold
NameArray:3,Mac,4,G마켓 산스 TTF Bold
NameArray:0,Win,1,Gmarket Sans TTF Bold
NameArray:0,Win,16,Gmarket Sans TTF
NameArray:3,Win,1,G마켓 산스 TTF Bold
NameArray:3,Win,16,G마켓 산스 TTF
%EndFont

%BeginFont
Handler:DirectoryHandler
FontType:TrueType
FontName:GmarketSansTTFLight
FamilyName:Gmarket Sans TTF
StyleName:Light
FullName:Gmarket Sans TTF Light
MenuName:G마켓 산스 TTF Light
StyleBits:0
FamilyNameNative:G마켓 산스 TTF
StyleNameNative:Light
FullNameNative:G마켓 산스 TTF Light
WritingScript:Korean
OutlineFileName:C:\Users\603\Desktop\포트폴리오\kodak\Font\GmarketSansTTFLight.ttf
DataFormat:sfntData
hasSVG:no
VariableFontType:NonVariableFont
FileLength:2413604
FileModTime:1623729322
WeightClass:300
WidthClass:5
AngleClass:0
NameArray:0,Mac,4,Gmarket Sans TTF Light
NameArray:3,Mac,4,G마켓 산스 TTF Light
NameArray:0,Win,1,Gmarket Sans TTF Light
NameArray:0,Win,16,Gmarket Sans TTF
NameArray:3,Win,1,G마켓 산스 TTF Light
NameArray:3,Win,16,G마켓 산스 TTF
%EndFont

%BeginFont
Handler:DirectoryHandler
FontType:TrueType
FontName:GmarketSansTTFMedium
FamilyName:Gmarket Sans TTF
StyleName:Medium
FullName:Gmarket Sans TTF Medium
MenuName:G마켓 산스 TTF Medium
StyleBits:0
FamilyNameNative:G마켓 산스 TTF
StyleNameNative:Medium
FullNameNative:G마켓 산스 TTF Medium
WritingScript:Korean
OutlineFileName:C:\Users\603\Desktop\포트폴리오\kodak\Font\GmarketSansTTFMedium.ttf
DataFormat:sfntData
hasSVG:no
VariableFontType:NonVariableFont
FileLength:2417020
FileModTime:1623729322
WeightClass:500
WidthClass:5
AngleClass:0
NameArray:0,Mac,4,Gmarket Sans TTF Medium
NameArray:3,Mac,4,G마켓 산스 TTF Medium
NameArray:0,Win,1,Gmarket Sans TTF Medium
NameArray:0,Win,16,Gmarket Sans TTF
NameArray:3,Win,1,G마켓 산스 TTF Medium
NameArray:3,Win,16,G마켓 산스 TTF
%EndFont

